[layerdrops.com/oxpinshtml/main-html/index2-one-page.html]
[backblue.gif]
[fade.gif]
[index.html]
[layerdrops.com/oxpinshtml/main-html/assets/images/favicons/apple-touch-icon.png]
[layerdrops.com/oxpinshtml/main-html/assets/images/favicons/favicon-32x32.png]
[layerdrops.com/oxpinshtml/main-html/assets/images/favicons/favicon-16x16.png]
[layerdrops.com/oxpinshtml/main-html/assets/images/favicons/site.webmanifest]
[layerdrops.com/oxpinshtml/main-html/assets/vendors/bootstrap/css/bootstrap.min.css]
[layerdrops.com/oxpinshtml/main-html/assets/vendors/animate/animate.min.css]
[layerdrops.com/oxpinshtml/main-html/assets/vendors/animate/custom-animate.css]
[layerdrops.com/oxpinshtml/main-html/assets/vendors/fontawesome/css/all.min.css]
[layerdrops.com/oxpinshtml/main-html/assets/vendors/jarallax/jarallax.css]
[layerdrops.com/oxpinshtml/main-html/assets/vendors/jquery-magnific-popup/jquery.magnific-popup.css]
[layerdrops.com/oxpinshtml/main-html/assets/vendors/nouislider/nouislider.min.css]
[layerdrops.com/oxpinshtml/main-html/assets/vendors/nouislider/nouislider.pips.css]
[layerdrops.com/oxpinshtml/main-html/assets/vendors/odometer/odometer.min.css]
[layerdrops.com/oxpinshtml/main-html/assets/vendors/swiper/swiper.min.css]
[layerdrops.com/oxpinshtml/main-html/assets/vendors/oxpins-icons/style.css]
[layerdrops.com/oxpinshtml/main-html/assets/vendors/tiny-slider/tiny-slider.min.css]
[layerdrops.com/oxpinshtml/main-html/assets/vendors/reey-font/stylesheet.css]
[layerdrops.com/oxpinshtml/main-html/assets/vendors/owl-carousel/owl.carousel.min.css]
[layerdrops.com/oxpinshtml/main-html/assets/vendors/owl-carousel/owl.theme.default.min.css]
[layerdrops.com/oxpinshtml/main-html/assets/vendors/bxslider/jquery.bxslider.css]
[layerdrops.com/oxpinshtml/main-html/assets/vendors/bootstrap-select/css/bootstrap-select.min.css]
[layerdrops.com/oxpinshtml/main-html/assets/vendors/vegas/vegas.min.css]
[layerdrops.com/oxpinshtml/main-html/assets/vendors/jquery-ui/jquery-ui.css]
[layerdrops.com/oxpinshtml/main-html/assets/vendors/timepicker/timePicker.css]
[layerdrops.com/oxpinshtml/main-html/assets/css/oxpins.css]
[layerdrops.com/oxpinshtml/main-html/assets/css/oxpins-responsive.css]
[layerdrops.com/oxpinshtml/main-html/index.html]
[layerdrops.com/oxpinshtml/main-html/assets/images/resources/logo-2.png]
[layerdrops.com/oxpinshtml/main-html/assets/images/shapes/main-menu-shape-1.png]
[layerdrops.com/oxpinshtml/main-html/assets/images/icon/main-menu-heart-icon.png]
[layerdrops.com/oxpinshtml/main-html/become-volunteer.html]
[layerdrops.com/oxpinshtml/main-html/assets/images/home-showcase/home-showcase-1-1.jpg]
[layerdrops.com/oxpinshtml/main-html/index-one-page.html]
[layerdrops.com/oxpinshtml/main-html/assets/images/home-showcase/home-showcase-1-2.jpg]
[layerdrops.com/oxpinshtml/main-html/index2.html]
[layerdrops.com/oxpinshtml/main-html/assets/images/home-showcase/home-showcase-1-3.jpg]
[layerdrops.com/oxpinshtml/main-html/index3.html]
[layerdrops.com/oxpinshtml/main-html/index3-one-page.html]
[layerdrops.com/oxpinshtml/main-html/assets/images/home-showcase/home-showcase-1-4.jpg]
[layerdrops.com/oxpinshtml/main-html/index-dark.html]
[layerdrops.com/oxpinshtml/main-html/cart.html]
[layerdrops.com/oxpinshtml/main-html/donate-now.html]
[layerdrops.com/oxpinshtml/main-html/assets/images/backgrounds/main-slider-2-1.jpg]
[layerdrops.com/oxpinshtml/main-html/assets/images/shapes/main-slider-two-shape-1.png]
[layerdrops.com/oxpinshtml/main-html/assets/images/shapes/main-slider-two-shape-2.png]
[layerdrops.com/oxpinshtml/main-html/about.html]
[layerdrops.com/oxpinshtml/main-html/assets/images/shapes/feature-two-shape-1.png]
[layerdrops.com/oxpinshtml/main-html/assets/images/resources/about-two-img-1.jpg]
[layerdrops.com/oxpinshtml/main-html/assets/images/resources/about-two-img-2.jpg]
[layerdrops.com/oxpinshtml/main-html/assets/images/shapes/about-two-shape-1.png]
[layerdrops.com/oxpinshtml/main-html/assets/images/shapes/about-two-shape-2.png]
[layerdrops.com/oxpinshtml/main-html/assets/images/shapes/about-two-shape-3.png]
[layerdrops.com/oxpinshtml/main-html/assets/images/shapes/causes-two-shape-1.png]
[layerdrops.com/oxpinshtml/main-html/assets/images/resources/causes-1-1.jpg]
[layerdrops.com/oxpinshtml/main-html/donation-details.html]
[layerdrops.com/oxpinshtml/main-html/assets/images/shapes/causes-one-progress-shape-1.png]
[layerdrops.com/oxpinshtml/main-html/assets/images/resources/causes-1-2.jpg]
[layerdrops.com/oxpinshtml/main-html/assets/images/resources/causes-1-3.jpg]
[layerdrops.com/oxpinshtml/main-html/assets/images/testimonial/testimonial-2-1.jpg]
[layerdrops.com/oxpinshtml/main-html/assets/images/shapes/testimonial-two-shape-1.png]
[layerdrops.com/oxpinshtml/main-html/assets/images/testimonial/testimonial-2-2.jpg]
[layerdrops.com/oxpinshtml/main-html/assets/images/testimonial/testimonial-2-3.jpg]
[layerdrops.com/oxpinshtml/main-html/assets/images/gallery/gallery-1-1.jpg]
[layerdrops.com/oxpinshtml/main-html/gallery.html]
[layerdrops.com/oxpinshtml/main-html/assets/images/gallery/gallery-1-2.jpg]
[layerdrops.com/oxpinshtml/main-html/assets/images/gallery/gallery-1-3.jpg]
[layerdrops.com/oxpinshtml/main-html/assets/images/gallery/gallery-1-4.jpg]
[layerdrops.com/oxpinshtml/main-html/assets/images/gallery/gallery-1-5.jpg]
[layerdrops.com/oxpinshtml/main-html/assets/images/backgrounds/help-bg.jpg]
[layerdrops.com/oxpinshtml/main-html/assets/images/shapes/help-shape-1.png]
[layerdrops.com/oxpinshtml/main-html/assets/images/backgrounds/urgent-cause-bg.jpg]
[layerdrops.com/oxpinshtml/main-html/assets/images/team/team-1-1.jpg]
[layerdrops.com/oxpinshtml/main-html/team-details.html]
[layerdrops.com/oxpinshtml/main-html/assets/images/team/team-1-2.jpg]
[layerdrops.com/oxpinshtml/main-html/assets/images/team/team-1-3.jpg]
[layerdrops.com/oxpinshtml/main-html/assets/images/team/team-1-4.jpg]
[layerdrops.com/oxpinshtml/main-html/assets/images/blog/news-2-1.jpg]
[layerdrops.com/oxpinshtml/main-html/news-details.html]
[layerdrops.com/oxpinshtml/main-html/assets/images/blog/news-2-2.jpg]
[layerdrops.com/oxpinshtml/main-html/assets/images/blog/news-2-3.jpg]
[layerdrops.com/oxpinshtml/main-html/assets/images/blog/news-2-4.jpg]
[layerdrops.com/oxpinshtml/main-html/assets/images/shapes/brand-two-shape-1.png]
[layerdrops.com/oxpinshtml/main-html/assets/images/brand/brand-1-1.png]
[layerdrops.com/oxpinshtml/main-html/assets/images/brand/brand-1-2.png]
[layerdrops.com/oxpinshtml/main-html/assets/images/brand/brand-1-3.png]
[layerdrops.com/oxpinshtml/main-html/assets/images/brand/brand-1-4.png]
[layerdrops.com/oxpinshtml/main-html/assets/images/brand/brand-1-5.png]
[layerdrops.com/oxpinshtml/main-html/assets/images/brand/brand-1-6.png]
[layerdrops.com/oxpinshtml/main-html/assets/images/backgrounds/site-footer-bg.jpg]
[layerdrops.com/oxpinshtml/main-html/assets/images/resources/footer-logo.png]
[layerdrops.com/oxpinshtml/main-html/contact.html]
[layerdrops.com/oxpinshtml/main-html/news.html]
[layerdrops.com/oxpinshtml/main-html/event-details.html]
[layerdrops.com/oxpinshtml/main-html/donation.html]
[layerdrops.com/oxpinshtml/main-html/assets/vendors/jquery/jquery-3.6.0.min.js]
[layerdrops.com/oxpinshtml/main-html/assets/vendors/bootstrap/js/bootstrap.bundle.min.js]
[layerdrops.com/oxpinshtml/main-html/assets/vendors/jarallax/jarallax.min.js]
[layerdrops.com/oxpinshtml/main-html/assets/vendors/jquery-ajaxchimp/jquery.ajaxchimp.min.js]
[layerdrops.com/oxpinshtml/main-html/assets/vendors/jquery-appear/jquery.appear.min.js]
[layerdrops.com/oxpinshtml/main-html/assets/vendors/jquery-circle-progress/jquery.circle-progress.min.js]
[layerdrops.com/oxpinshtml/main-html/assets/vendors/jquery-magnific-popup/jquery.magnific-popup.min.js]
[layerdrops.com/oxpinshtml/main-html/assets/vendors/jquery-validate/jquery.validate.min.js]
[layerdrops.com/oxpinshtml/main-html/assets/vendors/nouislider/nouislider.min.js]
[layerdrops.com/oxpinshtml/main-html/assets/vendors/odometer/odometer.min.js]
[layerdrops.com/oxpinshtml/main-html/assets/vendors/swiper/swiper.min.js]
[layerdrops.com/oxpinshtml/main-html/assets/vendors/tiny-slider/tiny-slider.min.js]
[layerdrops.com/oxpinshtml/main-html/assets/vendors/wnumb/wNumb.min.js]
[layerdrops.com/oxpinshtml/main-html/assets/vendors/wow/wow.js]
[layerdrops.com/oxpinshtml/main-html/assets/vendors/isotope/isotope.js]
[layerdrops.com/oxpinshtml/main-html/assets/vendors/countdown/countdown.min.js]
[layerdrops.com/oxpinshtml/main-html/assets/vendors/owl-carousel/owl.carousel.min.js]
[layerdrops.com/oxpinshtml/main-html/assets/vendors/bxslider/jquery.bxslider.min.js]
[layerdrops.com/oxpinshtml/main-html/assets/vendors/bootstrap-select/js/bootstrap-select.min.js]
[layerdrops.com/oxpinshtml/main-html/assets/vendors/vegas/vegas.min.js]
[layerdrops.com/oxpinshtml/main-html/assets/vendors/jquery-ui/jquery-ui.js]
[layerdrops.com/oxpinshtml/main-html/assets/vendors/timepicker/timePicker.js]
[layerdrops.com/oxpinshtml/main-html/assets/vendors/circleType/jquery.circleType.js]
[layerdrops.com/oxpinshtml/main-html/assets/vendors/circleType/jquery.lettering.min.js]
[layerdrops.com/oxpinshtml/main-html/index2-one-page.html]
[layerdrops.com/oxpinshtml/main-html/assets/vendors/bootstrap/css/bootstrap.min.css]
[layerdrops.com/oxpinshtml/main-html/assets/vendors/animate/animate.min.css]
[layerdrops.com/oxpinshtml/main-html/assets/vendors/animate/custom-animate.css]
[layerdrops.com/oxpinshtml/main-html/assets/js/oxpins.js]
[layerdrops.com/oxpinshtml/main-html/assets/vendors/fontawesome/webfonts/fa-brands-400.eot]
[layerdrops.com/oxpinshtml/main-html/assets/vendors/fontawesome/webfonts/fa-brands-400d41d.eot]
[layerdrops.com/oxpinshtml/main-html/assets/vendors/fontawesome/webfonts/fa-brands-400.woff2]
[layerdrops.com/oxpinshtml/main-html/assets/vendors/fontawesome/webfonts/fa-brands-400.woff]
[layerdrops.com/oxpinshtml/main-html/assets/vendors/fontawesome/webfonts/fa-brands-400.ttf]
[layerdrops.com/oxpinshtml/main-html/assets/vendors/fontawesome/webfonts/fa-regular-400.eot]
[layerdrops.com/oxpinshtml/main-html/assets/vendors/fontawesome/webfonts/fa-brands-400.svg]
[layerdrops.com/oxpinshtml/main-html/assets/vendors/fontawesome/webfonts/fa-regular-400d41d.eot]
[layerdrops.com/oxpinshtml/main-html/assets/vendors/fontawesome/webfonts/fa-regular-400.woff2]
[layerdrops.com/oxpinshtml/main-html/assets/vendors/fontawesome/webfonts/fa-regular-400.woff]
[layerdrops.com/oxpinshtml/main-html/assets/vendors/fontawesome/webfonts/fa-regular-400.ttf]
[layerdrops.com/oxpinshtml/main-html/assets/vendors/fontawesome/webfonts/fa-regular-400.svg]
[layerdrops.com/oxpinshtml/main-html/assets/vendors/fontawesome/webfonts/fa-solid-900.eot]
[layerdrops.com/oxpinshtml/main-html/assets/vendors/fontawesome/webfonts/fa-solid-900d41d.eot]
[layerdrops.com/oxpinshtml/main-html/assets/vendors/fontawesome/webfonts/fa-solid-900.woff2]
[layerdrops.com/oxpinshtml/main-html/assets/vendors/fontawesome/webfonts/fa-solid-900.woff]
[layerdrops.com/oxpinshtml/main-html/assets/vendors/fontawesome/webfonts/fa-solid-900.ttf]
[layerdrops.com/oxpinshtml/main-html/assets/vendors/fontawesome/css/all.min.css]
[layerdrops.com/oxpinshtml/main-html/assets/vendors/jarallax/jarallax.css]
[layerdrops.com/oxpinshtml/main-html/assets/vendors/jquery-magnific-popup/jquery.magnific-popup.css]
[layerdrops.com/oxpinshtml/main-html/assets/vendors/nouislider/nouislider.min.css]
[layerdrops.com/oxpinshtml/main-html/assets/vendors/nouislider/nouislider.pips.css]
[layerdrops.com/oxpinshtml/main-html/assets/vendors/odometer/odometer.min.css]
[layerdrops.com/oxpinshtml/main-html/assets/vendors/swiper/swiper.min.css]
[layerdrops.com/oxpinshtml/main-html/assets/vendors/fontawesome/webfonts/fa-solid-900.svg]
[layerdrops.com/oxpinshtml/main-html/assets/vendors/oxpins-icons/fonts/icomoond671.eot]
[layerdrops.com/oxpinshtml/main-html/assets/vendors/oxpins-icons/fonts/icomoond671.ttf]
[layerdrops.com/oxpinshtml/main-html/assets/vendors/oxpins-icons/fonts/icomoond671.woff]
[layerdrops.com/oxpinshtml/main-html/assets/vendors/oxpins-icons/style.css]
[layerdrops.com/oxpinshtml/main-html/assets/vendors/tiny-slider/tiny-slider.min.css]
[layerdrops.com/oxpinshtml/main-html/assets/vendors/oxpins-icons/fonts/icomoond671.svg]
[layerdrops.com/oxpinshtml/main-html/assets/vendors/reey-font/reey-regular-webfont.woff2]
[layerdrops.com/oxpinshtml/main-html/assets/vendors/reey-font/reey-regular-webfont.woff]
[layerdrops.com/oxpinshtml/main-html/assets/vendors/reey-font/stylesheet.css]
[layerdrops.com/oxpinshtml/main-html/assets/vendors/owl-carousel/owl.video.play.png]
[layerdrops.com/oxpinshtml/main-html/assets/vendors/owl-carousel/owl.carousel.min.css]
[layerdrops.com/oxpinshtml/main-html/assets/vendors/owl-carousel/owl.theme.default.min.css]
[layerdrops.com/oxpinshtml/main-html/assets/vendors/images/icon/bx_loader.gif]
[layerdrops.com/oxpinshtml/main-html/assets/vendors/img/bx-slider/controls.png]
[layerdrops.com/oxpinshtml/main-html/assets/vendors/bxslider/jquery.bxslider.css]
[layerdrops.com/oxpinshtml/main-html/assets/vendors/bootstrap-select/css/bootstrap-select.min.css]
[layerdrops.com/oxpinshtml/main-html/assets/vendors/vegas/overlays/02.png]
[layerdrops.com/oxpinshtml/main-html/assets/vendors/vegas/vegas.min.css]
[layerdrops.com/oxpinshtml/main-html/assets/vendors/jquery-ui/images/ui-bg_highlight-soft_75_cccccc_1x100.png]
[layerdrops.com/oxpinshtml/main-html/assets/vendors/jquery-ui/images/ui-bg_glass_75_e6e6e6_1x400.png]
[layerdrops.com/oxpinshtml/main-html/assets/vendors/jquery-ui/images/ui-bg_glass_75_dadada_1x400.png]
[layerdrops.com/oxpinshtml/main-html/assets/vendors/jquery-ui/images/ui-bg_glass_65_ffffff_1x400.png]
[layerdrops.com/oxpinshtml/main-html/assets/vendors/jquery-ui/images/ui-bg_glass_55_fbf9ee_1x400.png]
[layerdrops.com/oxpinshtml/main-html/assets/vendors/jquery-ui/images/ui-bg_glass_95_fef1ec_1x400.png]
[layerdrops.com/oxpinshtml/main-html/assets/vendors/jquery-ui/images/ui-icons_222222_256x240.png]
[layerdrops.com/oxpinshtml/main-html/assets/vendors/jquery-ui/images/ui-icons_888888_256x240.png]
[layerdrops.com/oxpinshtml/main-html/assets/vendors/jquery-ui/images/ui-icons_454545_256x240.png]
[layerdrops.com/oxpinshtml/main-html/assets/vendors/jquery-ui/images/ui-icons_2e83ff_256x240.png]
[layerdrops.com/oxpinshtml/main-html/assets/vendors/jquery-ui/images/ui-icons_cd0a0a_256x240.png]
[layerdrops.com/oxpinshtml/main-html/assets/vendors/jquery-ui/jquery-ui.css]
[layerdrops.com/oxpinshtml/main-html/assets/vendors/timepicker/images/ui-icons_444444_256x240.png]
[layerdrops.com/oxpinshtml/main-html/assets/vendors/timepicker/timePicker.css]
[layerdrops.com/oxpinshtml/main-html/assets/images/loader.png]
[layerdrops.com/oxpinshtml/main-html/assets/images/shapes/main-menu__volunteers-icon-shape.png]
[layerdrops.com/oxpinshtml/main-html/assets/css/oxpins.css]
[layerdrops.com/oxpinshtml/main-html/assets/css/oxpins-responsive.css]
[layerdrops.com/oxpinshtml/main-html/assets/images/resources/logo-1.png]
[layerdrops.com/oxpinshtml/main-html/volunteer.html]
[layerdrops.com/oxpinshtml/main-html/volunteer-carousel.html]
[layerdrops.com/oxpinshtml/main-html/gallery-carousel.html]
[layerdrops.com/oxpinshtml/main-html/faq.html]
[layerdrops.com/oxpinshtml/main-html/404.html]
[layerdrops.com/oxpinshtml/main-html/donations-list.html]
[layerdrops.com/oxpinshtml/main-html/donation-carousel.html]
[layerdrops.com/oxpinshtml/main-html/events.html]
[layerdrops.com/oxpinshtml/main-html/events-carousel.html]
[layerdrops.com/oxpinshtml/main-html/news-carousel.html]
[layerdrops.com/oxpinshtml/main-html/news-sidebar.html]
[layerdrops.com/oxpinshtml/main-html/news-sidebar-left.html]
[layerdrops.com/oxpinshtml/main-html/products.html]
[layerdrops.com/oxpinshtml/main-html/product-details.html]
[layerdrops.com/oxpinshtml/main-html/checkout.html]
[layerdrops.com/oxpinshtml/main-html/assets/images/backgrounds/main-slider-1-1.png]
[layerdrops.com/oxpinshtml/main-html/assets/images/shapes/main-slider-shape-1.jpg]
[layerdrops.com/oxpinshtml/main-html/assets/images/shapes/main-slider-shape-2.png]
[layerdrops.com/oxpinshtml/main-html/assets/images/backgrounds/main-slider-1-2.png]
[layerdrops.com/oxpinshtml/main-html/assets/images/backgrounds/main-slider-1-3.png]
[layerdrops.com/oxpinshtml/main-html/assets/images/shapes/about-one-shape-1.png]
[layerdrops.com/oxpinshtml/main-html/assets/images/resources/about-one-img-1.jpg]
[layerdrops.com/oxpinshtml/main-html/assets/images/icon/curved-circle-icon.png]
[layerdrops.com/oxpinshtml/main-html/assets/images/shapes/about-one-shape-2.png]
[layerdrops.com/oxpinshtml/main-html/assets/images/shapes/about-one-shape-3.png]
[layerdrops.com/oxpinshtml/main-html/assets/images/shapes/about-one-shape-4.png]
[layerdrops.com/oxpinshtml/main-html/assets/images/backgrounds/become-volunteer-one-bg.jpg]
[layerdrops.com/oxpinshtml/main-html/assets/images/shapes/become-volunteer-shape-1.png]
[layerdrops.com/oxpinshtml/main-html/assets/images/shapes/events-one-shape-1.png]
[layerdrops.com/oxpinshtml/main-html/assets/images/events/events-1-1.jpg]
[layerdrops.com/oxpinshtml/main-html/assets/images/events/events-1-2.jpg]
[layerdrops.com/oxpinshtml/main-html/assets/images/events/events-1-3.jpg]
[layerdrops.com/oxpinshtml/main-html/assets/images/shapes/feature-one-shape-1.png]
[layerdrops.com/oxpinshtml/main-html/assets/images/backgrounds/testimonial-one-bg.jpg]
[layerdrops.com/oxpinshtml/main-html/assets/images/testimonial/testimonial-img-1.jpg]
[layerdrops.com/oxpinshtml/main-html/assets/images/testimonial/testimonial-img-2.jpg]
[layerdrops.com/oxpinshtml/main-html/assets/images/testimonial/testimonial-img-3.jpg]
[layerdrops.com/oxpinshtml/main-html/assets/images/testimonial/testimonial-img-4.jpg]
[layerdrops.com/oxpinshtml/main-html/assets/images/shapes/testimonial-one-shape-1.png]
[layerdrops.com/oxpinshtml/main-html/assets/images/testimonial/testimonial-1-1.jpg]
[layerdrops.com/oxpinshtml/main-html/assets/images/testimonial/testimonial-1-2.jpg]
[layerdrops.com/oxpinshtml/main-html/assets/images/testimonial/testimonial-1-3.jpg]
[layerdrops.com/oxpinshtml/main-html/assets/images/shapes/faq-one-shape-1.png]
[layerdrops.com/oxpinshtml/main-html/assets/images/backgrounds/faq-one-bg.png]
[layerdrops.com/oxpinshtml/main-html/assets/images/backgrounds/counter-one-bg.jpg]
[layerdrops.com/oxpinshtml/main-html/assets/images/blog/news-1-1.jpg]
[layerdrops.com/oxpinshtml/main-html/assets/images/blog/news-1-2.jpg]
[layerdrops.com/oxpinshtml/main-html/assets/images/blog/news-1-3.jpg]
[layerdrops.com/oxpinshtml/main-html/index.html]
[layerdrops.com/oxpinshtml/main-html/assets/images/backgrounds/page-header-bg.jpg]
[layerdrops.com/oxpinshtml/main-html/assets/images/team/become-volunteer-img-1.jpg]
[layerdrops.com/oxpinshtml/main-html/become-volunteer.html]
[layerdrops.com/oxpinshtml/main-html/index-one-page.html]
[layerdrops.com/oxpinshtml/main-html/index2.html]
[layerdrops.com/oxpinshtml/main-html/assets/images/icon/main-menu-heart-icon-2.png]
[layerdrops.com/oxpinshtml/main-html/assets/images/backgrounds/main-slider-3-1.jpg]
[layerdrops.com/oxpinshtml/main-html/assets/images/backgrounds/main-slider-3-2.jpg]
[layerdrops.com/oxpinshtml/main-html/assets/images/backgrounds/main-slider-3-3.jpg]
[layerdrops.com/oxpinshtml/main-html/assets/images/resources/make-donation-img-1.jpg]
[layerdrops.com/oxpinshtml/main-html/assets/images/resources/about-three-img.jpg]
[layerdrops.com/oxpinshtml/main-html/assets/images/resources/about-three-img-2.jpg]
[layerdrops.com/oxpinshtml/main-html/assets/images/shapes/about-three-help-shape.png]
[layerdrops.com/oxpinshtml/main-html/assets/images/resources/feature-3-1.png]
[layerdrops.com/oxpinshtml/main-html/assets/images/resources/feature-3-2.png]
[layerdrops.com/oxpinshtml/main-html/assets/images/resources/feature-3-3.png]
[layerdrops.com/oxpinshtml/main-html/assets/images/backgrounds/causes-three-bg.jpg]
[layerdrops.com/oxpinshtml/main-html/assets/images/shapes/causes-three-shape-1.png]
[layerdrops.com/oxpinshtml/main-html/assets/images/resources/causes-3-1.jpg]
[layerdrops.com/oxpinshtml/main-html/assets/images/resources/causes-3-2.jpg]
[layerdrops.com/oxpinshtml/main-html/assets/images/resources/causes-3-3.jpg]
[layerdrops.com/oxpinshtml/main-html/assets/images/resources/causes-3-4.jpg]
[layerdrops.com/oxpinshtml/main-html/assets/images/testimonial/testimonial-3-1.jpg]
[layerdrops.com/oxpinshtml/main-html/assets/images/shapes/testimonial-three-shape-1.png]
[layerdrops.com/oxpinshtml/main-html/assets/images/testimonial/testimonial-3-2.jpg]
[layerdrops.com/oxpinshtml/main-html/assets/images/testimonial/testimonial-3-3.jpg]
[layerdrops.com/oxpinshtml/main-html/assets/images/shapes/brand-three-shape-1.png]
[layerdrops.com/oxpinshtml/main-html/assets/images/shapes/events-two-shape-1.png]
[layerdrops.com/oxpinshtml/main-html/assets/images/backgrounds/events-two-bg.png]
[layerdrops.com/oxpinshtml/main-html/assets/images/shapes/events-two-shape-2.png]
[layerdrops.com/oxpinshtml/main-html/assets/images/events/events-2-1.jpg]
[layerdrops.com/oxpinshtml/main-html/assets/images/events/events-2-2.jpg]
[layerdrops.com/oxpinshtml/main-html/index3.html]
[layerdrops.com/oxpinshtml/main-html/index3-one-page.html]
[layerdrops.com/oxpinshtml/main-html/assets/css/oxpins-dark.css]
[layerdrops.com/oxpinshtml/main-html/assets/images/shapes/about-one-shape-3-dark.png]
[layerdrops.com/oxpinshtml/main-html/assets/images/shapes/become-volunteer-shape-1-dark.png]
[layerdrops.com/oxpinshtml/main-html/assets/images/brand/brand-1-1-dark.png]
[layerdrops.com/oxpinshtml/main-html/assets/images/brand/brand-1-2-dark.png]
[layerdrops.com/oxpinshtml/main-html/assets/images/brand/brand-1-3-dark.png]
[layerdrops.com/oxpinshtml/main-html/assets/images/brand/brand-1-4-dark.png]
[layerdrops.com/oxpinshtml/main-html/assets/images/brand/brand-1-5-dark.png]
[layerdrops.com/oxpinshtml/main-html/assets/images/brand/brand-1-6-dark.png]
[layerdrops.com/oxpinshtml/main-html/index-dark.html]
[layerdrops.com/oxpinshtml/main-html/assets/vendors/nice-select/nice-select.css]
[layerdrops.com/oxpinshtml/main-html/assets/images/shop/cart-page-img-1.jpg]
[layerdrops.com/oxpinshtml/main-html/assets/images/shop/cart-page-img-2.jpg]
[layerdrops.com/oxpinshtml/main-html/cart.html]
[layerdrops.com/oxpinshtml/main-html/assets/vendors/nice-select/jquery.nice-select.min.js]
[layerdrops.com/oxpinshtml/main-html/assets/images/shapes/sidebar-shape-1.png]
[layerdrops.com/oxpinshtml/main-html/assets/images/resources/donation-details-organizer-img.jpg]
[layerdrops.com/oxpinshtml/main-html/donate-now.html]
[layerdrops.com/oxpinshtml/main-html/assets/images/resources/about-four-img-1.jpg]
[layerdrops.com/oxpinshtml/main-html/assets/images/resources/about-four-img-2.jpg]
[layerdrops.com/oxpinshtml/main-html/about.html]
[layerdrops.com/oxpinshtml/main-html/assets/images/backgrounds/main-slider-2-2.jpg]
[layerdrops.com/oxpinshtml/main-html/assets/images/backgrounds/main-slider-2-3.jpg]
[layerdrops.com/oxpinshtml/main-html/assets/images/resources/donation-details-img-1.jpg]
[layerdrops.com/oxpinshtml/main-html/assets/images/shapes/donation-details-donate-shape.png]
[layerdrops.com/oxpinshtml/main-html/assets/images/shapes/recent-donation-shape-1.png]
[layerdrops.com/oxpinshtml/main-html/assets/images/resources/recent-donation-img-1.jpg]
[layerdrops.com/oxpinshtml/main-html/assets/images/resources/recent-donation-img-2.jpg]
[layerdrops.com/oxpinshtml/main-html/assets/images/resources/recent-donation-img-3.jpg]
[layerdrops.com/oxpinshtml/main-html/assets/images/resources/recent-donation-img-4.jpg]
[layerdrops.com/oxpinshtml/main-html/assets/images/resources/recent-donation-img-5.jpg]
[layerdrops.com/oxpinshtml/main-html/assets/images/blog/comment-1-1.jpg]
[layerdrops.com/oxpinshtml/main-html/assets/images/blog/comment-1-2.jpg]
[layerdrops.com/oxpinshtml/main-html/assets/images/blog/lp-1-1.jpg]
[layerdrops.com/oxpinshtml/main-html/assets/images/blog/lp-1-2.jpg]
[layerdrops.com/oxpinshtml/main-html/assets/images/blog/lp-1-3.jpg]
[layerdrops.com/oxpinshtml/main-html/donation-details.html]
[layerdrops.com/oxpinshtml/main-html/assets/images/gallery/gallery-page-1-1.jpg]
[layerdrops.com/oxpinshtml/main-html/assets/images/gallery/gallery-page-1-2.jpg]
[layerdrops.com/oxpinshtml/main-html/assets/images/gallery/gallery-page-1-3.jpg]
[layerdrops.com/oxpinshtml/main-html/assets/images/gallery/gallery-page-1-4.jpg]
[layerdrops.com/oxpinshtml/main-html/assets/images/gallery/gallery-page-1-5.jpg]
[layerdrops.com/oxpinshtml/main-html/assets/images/gallery/gallery-page-1-6.jpg]
[layerdrops.com/oxpinshtml/main-html/assets/images/gallery/gallery-page-1-7.jpg]
[layerdrops.com/oxpinshtml/main-html/assets/images/gallery/gallery-page-1-8.jpg]
[layerdrops.com/oxpinshtml/main-html/assets/images/gallery/gallery-page-1-9.jpg]
[layerdrops.com/oxpinshtml/main-html/gallery.html]
[layerdrops.com/oxpinshtml/main-html/team-details.html]
[layerdrops.com/oxpinshtml/main-html/assets/images/blog/news-details-img-1.jpg]
[layerdrops.com/oxpinshtml/main-html/news-details.html]
[layerdrops.com/oxpinshtml/main-html/assets/images/shapes/contact-three-shape.png]
[layerdrops.com/oxpinshtml/main-html/contact.html]
[layerdrops.com/oxpinshtml/main-html/assets/images/blog/news-1-4.jpg]
[layerdrops.com/oxpinshtml/main-html/assets/images/blog/news-1-5.jpg]
[layerdrops.com/oxpinshtml/main-html/assets/images/blog/news-1-6.jpg]
[layerdrops.com/oxpinshtml/main-html/news.html]
[layerdrops.com/oxpinshtml/main-html/assets/images/events/event-details-img-1.jpg]
[layerdrops.com/oxpinshtml/main-html/assets/images/events/event-details-img-2.jpg]
[layerdrops.com/oxpinshtml/main-html/event-details.html]
[layerdrops.com/oxpinshtml/main-html/assets/images/resources/causes-1-4.jpg]
[layerdrops.com/oxpinshtml/main-html/assets/images/resources/causes-1-5.jpg]
[layerdrops.com/oxpinshtml/main-html/assets/images/resources/causes-1-6.jpg]
[layerdrops.com/oxpinshtml/main-html/donation.html]
[layerdrops.com/oxpinshtml/main-html/assets/vendors/fontawesome/webfonts/fa-brands-400.svg]
[layerdrops.com/oxpinshtml/main-html/assets/vendors/fontawesome/webfonts/fa-regular-400.svg]
[layerdrops.com/oxpinshtml/main-html/assets/vendors/fontawesome/webfonts/fa-solid-900.svg]
[layerdrops.com/oxpinshtml/main-html/assets/vendors/oxpins-icons/fonts/icomoond671.svg]
[layerdrops.com/oxpinshtml/main-html/assets/vendors/owl-carousel/owl.video.play.html]
[layerdrops.com/oxpinshtml/main-html/assets/vendors/images/icon/bx_loader.html]
[layerdrops.com/oxpinshtml/main-html/assets/vendors/img/bx-slider/controls.html]
[layerdrops.com/oxpinshtml/main-html/assets/vendors/vegas/overlays/02.html]
[layerdrops.com/oxpinshtml/main-html/assets/vendors/timepicker/images/ui-icons_444444_256x240.html]
[layerdrops.com/oxpinshtml/main-html/assets/images/team/team-1-5.jpg]
[layerdrops.com/oxpinshtml/main-html/assets/images/team/team-1-6.jpg]
[layerdrops.com/oxpinshtml/main-html/assets/images/team/team-1-7.jpg]
[layerdrops.com/oxpinshtml/main-html/assets/images/team/team-1-8.jpg]
[layerdrops.com/oxpinshtml/main-html/volunteer.html]
[layerdrops.com/oxpinshtml/main-html/volunteer-carousel.html]
[layerdrops.com/oxpinshtml/main-html/gallery-carousel.html]
[layerdrops.com/oxpinshtml/main-html/assets/images/shapes/feature-four-shape-1.png]
[layerdrops.com/oxpinshtml/main-html/faq.html]
[layerdrops.com/oxpinshtml/main-html/assets/images/shapes/error-page-shape.png]
[layerdrops.com/oxpinshtml/main-html/404.html]
[layerdrops.com/oxpinshtml/main-html/assets/images/resources/donations-list-img-1.jpg]
[layerdrops.com/oxpinshtml/main-html/assets/images/shapes/donations-list-progress-shape-1.png]
[layerdrops.com/oxpinshtml/main-html/assets/images/resources/donations-list-img-2.jpg]
[layerdrops.com/oxpinshtml/main-html/assets/images/resources/donations-list-img-3.jpg]
[layerdrops.com/oxpinshtml/main-html/assets/images/resources/donations-list-img-4.jpg]
[layerdrops.com/oxpinshtml/main-html/assets/images/resources/donations-list-img-5.jpg]
[layerdrops.com/oxpinshtml/main-html/donations-list.html]
[layerdrops.com/oxpinshtml/main-html/donation-carousel.html]
[layerdrops.com/oxpinshtml/main-html/assets/images/events/events-page-1-1.jpg]
[layerdrops.com/oxpinshtml/main-html/assets/images/events/events-page-1-2.jpg]
[layerdrops.com/oxpinshtml/main-html/assets/images/events/events-page-1-3.jpg]
[layerdrops.com/oxpinshtml/main-html/assets/images/events/events-page-1-4.jpg]
[layerdrops.com/oxpinshtml/main-html/assets/images/events/events-page-1-5.jpg]
[layerdrops.com/oxpinshtml/main-html/assets/images/events/events-page-1-6.jpg]
[layerdrops.com/oxpinshtml/main-html/events.html]
[layerdrops.com/oxpinshtml/main-html/events-carousel.html]
[layerdrops.com/oxpinshtml/main-html/news-carousel.html]
[layerdrops.com/oxpinshtml/main-html/assets/images/blog/news-sidebar-img-1.jpg]
[layerdrops.com/oxpinshtml/main-html/assets/images/blog/news-sidebar-img-2.jpg]
[layerdrops.com/oxpinshtml/main-html/assets/images/blog/news-sidebar-img-3.jpg]
[layerdrops.com/oxpinshtml/main-html/assets/images/shapes/news-sidebar-shape-1.png]
[layerdrops.com/oxpinshtml/main-html/assets/images/icon/news-sidebar-bottom-box-icon.png]
[layerdrops.com/oxpinshtml/main-html/assets/images/icon/news-sidebar__delivering-services-icon.png]
[layerdrops.com/oxpinshtml/main-html/news-sidebar.html]
[layerdrops.com/oxpinshtml/main-html/news-sidebar-left.html]
[layerdrops.com/oxpinshtml/main-html/assets/images/shop/shop-product-1-1.jpg]
[layerdrops.com/oxpinshtml/main-html/assets/images/shop/shop-product-1-2.jpg]
[layerdrops.com/oxpinshtml/main-html/assets/images/shop/shop-product-1-3.jpg]
[layerdrops.com/oxpinshtml/main-html/assets/images/shop/shop-product-1-4.jpg]
[layerdrops.com/oxpinshtml/main-html/assets/images/shop/shop-product-1-5.jpg]
[layerdrops.com/oxpinshtml/main-html/assets/images/shop/shop-product-1-6.jpg]
[layerdrops.com/oxpinshtml/main-html/assets/images/shop/shop-product-1-7.jpg]
[layerdrops.com/oxpinshtml/main-html/assets/images/shop/shop-product-1-8.jpg]
[layerdrops.com/oxpinshtml/main-html/assets/images/shop/shop-product-1-9.jpg]
[layerdrops.com/oxpinshtml/main-html/products.html]
[layerdrops.com/oxpinshtml/main-html/assets/images/shop/product-details-img-1.jpg]
[layerdrops.com/oxpinshtml/main-html/wishlist.html]
[layerdrops.com/oxpinshtml/main-html/assets/images/shop/review-1-1.jpg]
[layerdrops.com/oxpinshtml/main-html/assets/images/shop/review-1-2.jpg]
[layerdrops.com/oxpinshtml/main-html/product-details.html]
[layerdrops.com/oxpinshtml/main-html/assets/images/shop/paypal-1.jpg]
[layerdrops.com/oxpinshtml/main-html/checkout.html]
[layerdrops.com/oxpinshtml/main-html/assets/css/oxpins-dark.css]
[layerdrops.com/oxpinshtml/main-html/assets/vendors/nice-select/nice-select.css]
[layerdrops.com/oxpinshtml/main-html/wishlist.html]
